Refreshing run status every 3 seconds. Press Ctrl+C to quit.

* nat-test NAT Test (two real NATs in CI) · 27154951917
Triggered via push about 3 minutes ago

JOBS
* peer-b (responder) (ID 80155305784)
  ✓ Set up job
  ✓ Checkout ErmesDart
  ✓ Checkout SHSP (shsp path override)
  ✓ Run dart-lang/setup-dart@v1
  ✓ Cache pub
  ✓ Resolve dependencies
  ✓ Compile peer B
  * Run peer B (responder)
  * Upload peer B log
  * Post Cache pub
  * Post Checkout SHSP (shsp path override)
  * Post Checkout ErmesDart
* peer-a (initiator) (ID 80155305799)
  ✓ Set up job
  ✓ Checkout ErmesDart
  ✓ Checkout SHSP (shsp path override)
  ✓ Run dart-lang/setup-dart@v1
  ✓ Cache pub
  ✓ Resolve dependencies
  ✓ Compile peer A
  * Run peer A (initiator)
  * Upload peer A log
  * Post Cache pub
  * Post Checkout SHSP (shsp path override)
  * Post Checkout ErmesDart
Refreshing run status every 3 seconds. Press Ctrl+C to quit.

* nat-test NAT Test (two real NATs in CI) · 27154951917
Triggered via push about 3 minutes ago

JOBS
* peer-b (responder) (ID 80155305784)
  ✓ Set up job
  ✓ Checkout ErmesDart
  ✓ Checkout SHSP (shsp path override)
  ✓ Run dart-lang/setup-dart@v1
  ✓ Cache pub
  ✓ Resolve dependencies
  ✓ Compile peer B
  * Run peer B (responder)
  * Upload peer B log
  * Post Cache pub
  * Post Checkout SHSP (shsp path override)
  * Post Checkout ErmesDart
* peer-a (initiator) (ID 80155305799)
  ✓ Set up job
  ✓ Checkout ErmesDart
  ✓ Checkout SHSP (shsp path override)
  ✓ Run dart-lang/setup-dart@v1
  ✓ Cache pub
  ✓ Resolve dependencies
  ✓ Compile peer A
  * Run peer A (initiator)
  * Upload peer A log
  * Post Cache pub
  * Post Checkout SHSP (shsp path override)
  * Post Checkout ErmesDart
Refreshing run status every 3 seconds. Press Ctrl+C to quit.

* nat-test NAT Test (two real NATs in CI) · 27154951917
Triggered via push about 3 minutes ago

JOBS
* peer-b (responder) (ID 80155305784)
  ✓ Set up job
  ✓ Checkout ErmesDart
  ✓ Checkout SHSP (shsp path override)
  ✓ Run dart-lang/setup-dart@v1
  ✓ Cache pub
  ✓ Resolve dependencies
  ✓ Compile peer B
  * Run peer B (responder)
  * Upload peer B log
  * Post Cache pub
  * Post Checkout SHSP (shsp path override)
  * Post Checkout ErmesDart
* peer-a (initiator) (ID 80155305799)
  ✓ Set up job
  ✓ Checkout ErmesDart
  ✓ Checkout SHSP (shsp path override)
  ✓ Run dart-lang/setup-dart@v1
  ✓ Cache pub
  ✓ Resolve dependencies
  ✓ Compile peer A
  * Run peer A (initiator)
  * Upload peer A log
  * Post Cache pub
  * Post Checkout SHSP (shsp path override)
  * Post Checkout ErmesDart
Refreshing run status every 3 seconds. Press Ctrl+C to quit.

* nat-test NAT Test (two real NATs in CI) · 27154951917
Triggered via push about 4 minutes ago

JOBS
* peer-b (responder) (ID 80155305784)
  ✓ Set up job
  ✓ Checkout ErmesDart
  ✓ Checkout SHSP (shsp path override)
  ✓ Run dart-lang/setup-dart@v1
  ✓ Cache pub
  ✓ Resolve dependencies
  ✓ Compile peer B
  * Run peer B (responder)
  * Upload peer B log
  * Post Cache pub
  * Post Checkout SHSP (shsp path override)
  * Post Checkout ErmesDart
* peer-a (initiator) (ID 80155305799)
  ✓ Set up job
  ✓ Checkout ErmesDart
  ✓ Checkout SHSP (shsp path override)
  ✓ Run dart-lang/setup-dart@v1
  ✓ Cache pub
  ✓ Resolve dependencies
  ✓ Compile peer A
  * Run peer A (initiator)
  * Upload peer A log
  * Post Cache pub
  * Post Checkout SHSP (shsp path override)
  * Post Checkout ErmesDart
Refreshing run status every 3 seconds. Press Ctrl+C to quit.

* nat-test NAT Test (two real NATs in CI) · 27154951917
Triggered via push about 4 minutes ago

JOBS
* peer-b (responder) (ID 80155305784)
  ✓ Set up job
  ✓ Checkout ErmesDart
  ✓ Checkout SHSP (shsp path override)
  ✓ Run dart-lang/setup-dart@v1
  ✓ Cache pub
  ✓ Resolve dependencies
  ✓ Compile peer B
  * Run peer B (responder)
  * Upload peer B log
  * Post Cache pub
  * Post Checkout SHSP (shsp path override)
  * Post Checkout ErmesDart
* peer-a (initiator) (ID 80155305799)
  ✓ Set up job
  ✓ Checkout ErmesDart
  ✓ Checkout SHSP (shsp path override)
  ✓ Run dart-lang/setup-dart@v1
  ✓ Cache pub
  ✓ Resolve dependencies
  ✓ Compile peer A
  * Run peer A (initiator)
  * Upload peer A log
  * Post Cache pub
  * Post Checkout SHSP (shsp path override)
  * Post Checkout ErmesDart
Refreshing run status every 3 seconds. Press Ctrl+C to quit.

* nat-test NAT Test (two real NATs in CI) · 27154951917
Triggered via push about 4 minutes ago

JOBS
* peer-b (responder) (ID 80155305784)
  ✓ Set up job
  ✓ Checkout ErmesDart
  ✓ Checkout SHSP (shsp path override)
  ✓ Run dart-lang/setup-dart@v1
  ✓ Cache pub
  ✓ Resolve dependencies
  ✓ Compile peer B
  * Run peer B (responder)
  * Upload peer B log
  * Post Cache pub
  * Post Checkout SHSP (shsp path override)
  * Post Checkout ErmesDart
* peer-a (initiator) (ID 80155305799)
  ✓ Set up job
  ✓ Checkout ErmesDart
  ✓ Checkout SHSP (shsp path override)
  ✓ Run dart-lang/setup-dart@v1
  ✓ Cache pub
  ✓ Resolve dependencies
  ✓ Compile peer A
  * Run peer A (initiator)
  * Upload peer A log
  * Post Cache pub
  * Post Checkout SHSP (shsp path override)
  * Post Checkout ErmesDart
Refreshing run status every 3 seconds. Press Ctrl+C to quit.

* nat-test NAT Test (two real NATs in CI) · 27154951917
Triggered via push about 4 minutes ago

JOBS
* peer-b (responder) (ID 80155305784)
  ✓ Set up job
  ✓ Checkout ErmesDart
  ✓ Checkout SHSP (shsp path override)
  ✓ Run dart-lang/setup-dart@v1
  ✓ Cache pub
  ✓ Resolve dependencies
  ✓ Compile peer B
  * Run peer B (responder)
  * Upload peer B log
  * Post Cache pub
  * Post Checkout SHSP (shsp path override)
  * Post Checkout ErmesDart
* peer-a (initiator) (ID 80155305799)
  ✓ Set up job
  ✓ Checkout ErmesDart
  ✓ Checkout SHSP (shsp path override)
  ✓ Run dart-lang/setup-dart@v1
  ✓ Cache pub
  ✓ Resolve dependencies
  ✓ Compile peer A
  * Run peer A (initiator)
  * Upload peer A log
  * Post Cache pub
  * Post Checkout SHSP (shsp path override)
  * Post Checkout ErmesDart
Refreshing run status every 3 seconds. Press Ctrl+C to quit.

* nat-test NAT Test (two real NATs in CI) · 27154951917
Triggered via push about 4 minutes ago

JOBS
* peer-b (responder) (ID 80155305784)
  ✓ Set up job
  ✓ Checkout ErmesDart
  ✓ Checkout SHSP (shsp path override)
  ✓ Run dart-lang/setup-dart@v1
  ✓ Cache pub
  ✓ Resolve dependencies
  ✓ Compile peer B
  * Run peer B (responder)
  * Upload peer B log
  * Post Cache pub
  * Post Checkout SHSP (shsp path override)
  * Post Checkout ErmesDart
* peer-a (initiator) (ID 80155305799)
  ✓ Set up job
  ✓ Checkout ErmesDart
  ✓ Checkout SHSP (shsp path override)
  ✓ Run dart-lang/setup-dart@v1
  ✓ Cache pub
  ✓ Resolve dependencies
  ✓ Compile peer A
  * Run peer A (initiator)
  * Upload peer A log
  * Post Cache pub
  * Post Checkout SHSP (shsp path override)
  * Post Checkout ErmesDart
Refreshing run status every 3 seconds. Press Ctrl+C to quit.

* nat-test NAT Test (two real NATs in CI) · 27154951917
Triggered via push about 4 minutes ago

JOBS
* peer-b (responder) (ID 80155305784)
  ✓ Set up job
  ✓ Checkout ErmesDart
  ✓ Checkout SHSP (shsp path override)
  ✓ Run dart-lang/setup-dart@v1
  ✓ Cache pub
  ✓ Resolve dependencies
  ✓ Compile peer B
  * Run peer B (responder)
  * Upload peer B log
  * Post Cache pub
  * Post Checkout SHSP (shsp path override)
  * Post Checkout ErmesDart
* peer-a (initiator) (ID 80155305799)
  ✓ Set up job
  ✓ Checkout ErmesDart
  ✓ Checkout SHSP (shsp path override)
  ✓ Run dart-lang/setup-dart@v1
  ✓ Cache pub
  ✓ Resolve dependencies
  ✓ Compile peer A
  * Run peer A (initiator)
  * Upload peer A log
  * Post Cache pub
  * Post Checkout SHSP (shsp path override)
  * Post Checkout ErmesDart
Refreshing run status every 3 seconds. Press Ctrl+C to quit.

* nat-test NAT Test (two real NATs in CI) · 27154951917
Triggered via push about 4 minutes ago

JOBS
* peer-b (responder) (ID 80155305784)
  ✓ Set up job
  ✓ Checkout ErmesDart
  ✓ Checkout SHSP (shsp path override)
  ✓ Run dart-lang/setup-dart@v1
  ✓ Cache pub
  ✓ Resolve dependencies
  ✓ Compile peer B
  * Run peer B (responder)
  * Upload peer B log
  * Post Cache pub
  * Post Checkout SHSP (shsp path override)
  * Post Checkout ErmesDart
* peer-a (initiator) (ID 80155305799)
  ✓ Set up job
  ✓ Checkout ErmesDart
  ✓ Checkout SHSP (shsp path override)
  ✓ Run dart-lang/setup-dart@v1
  ✓ Cache pub
  ✓ Resolve dependencies
  ✓ Compile peer A
  * Run peer A (initiator)
  * Upload peer A log
  * Post Cache pub
  * Post Checkout SHSP (shsp path override)
  * Post Checkout ErmesDart
Refreshing run status every 3 seconds. Press Ctrl+C to quit.

* nat-test NAT Test (two real NATs in CI) · 27154951917
Triggered via push about 4 minutes ago

JOBS
* peer-b (responder) (ID 80155305784)
  ✓ Set up job
  ✓ Checkout ErmesDart
  ✓ Checkout SHSP (shsp path override)
  ✓ Run dart-lang/setup-dart@v1
  ✓ Cache pub
  ✓ Resolve dependencies
  ✓ Compile peer B
  * Run peer B (responder)
  * Upload peer B log
  * Post Cache pub
  * Post Checkout SHSP (shsp path override)
  * Post Checkout ErmesDart
* peer-a (initiator) (ID 80155305799)
  ✓ Set up job
  ✓ Checkout ErmesDart
  ✓ Checkout SHSP (shsp path override)
  ✓ Run dart-lang/setup-dart@v1
  ✓ Cache pub
  ✓ Resolve dependencies
  ✓ Compile peer A
  * Run peer A (initiator)
  * Upload peer A log
  * Post Cache pub
  * Post Checkout SHSP (shsp path override)
  * Post Checkout ErmesDart
Refreshing run status every 3 seconds. Press Ctrl+C to quit.

* nat-test NAT Test (two real NATs in CI) · 27154951917
Triggered via push about 4 minutes ago

JOBS
* peer-b (responder) (ID 80155305784)
  ✓ Set up job
  ✓ Checkout ErmesDart
  ✓ Checkout SHSP (shsp path override)
  ✓ Run dart-lang/setup-dart@v1
  ✓ Cache pub
  ✓ Resolve dependencies
  ✓ Compile peer B
  * Run peer B (responder)
  * Upload peer B log
  * Post Cache pub
  * Post Checkout SHSP (shsp path override)
  * Post Checkout ErmesDart
* peer-a (initiator) (ID 80155305799)
  ✓ Set up job
  ✓ Checkout ErmesDart
  ✓ Checkout SHSP (shsp path override)
  ✓ Run dart-lang/setup-dart@v1
  ✓ Cache pub
  ✓ Resolve dependencies
  ✓ Compile peer A
  * Run peer A (initiator)
  * Upload peer A log
  * Post Cache pub
  * Post Checkout SHSP (shsp path override)
  * Post Checkout ErmesDart
Refreshing run status every 3 seconds. Press Ctrl+C to quit.

* nat-test NAT Test (two real NATs in CI) · 27154951917
Triggered via push about 4 minutes ago

JOBS
* peer-b (responder) (ID 80155305784)
  ✓ Set up job
  ✓ Checkout ErmesDart
  ✓ Checkout SHSP (shsp path override)
  ✓ Run dart-lang/setup-dart@v1
  ✓ Cache pub
  ✓ Resolve dependencies
  ✓ Compile peer B
  * Run peer B (responder)
  * Upload peer B log
  * Post Cache pub
  * Post Checkout SHSP (shsp path override)
  * Post Checkout ErmesDart
* peer-a (initiator) (ID 80155305799)
  ✓ Set up job
  ✓ Checkout ErmesDart
  ✓ Checkout SHSP (shsp path override)
  ✓ Run dart-lang/setup-dart@v1
  ✓ Cache pub
  ✓ Resolve dependencies
  ✓ Compile peer A
  * Run peer A (initiator)
  * Upload peer A log
  * Post Cache pub
  * Post Checkout SHSP (shsp path override)
  * Post Checkout ErmesDart
Refreshing run status every 3 seconds. Press Ctrl+C to quit.

* nat-test NAT Test (two real NATs in CI) · 27154951917
Triggered via push about 4 minutes ago

JOBS
* peer-b (responder) (ID 80155305784)
  ✓ Set up job
  ✓ Checkout ErmesDart
  ✓ Checkout SHSP (shsp path override)
  ✓ Run dart-lang/setup-dart@v1
  ✓ Cache pub
  ✓ Resolve dependencies
  ✓ Compile peer B
  * Run peer B (responder)
  * Upload peer B log
  * Post Cache pub
  * Post Checkout SHSP (shsp path override)
  * Post Checkout ErmesDart
* peer-a (initiator) (ID 80155305799)
  ✓ Set up job
  ✓ Checkout ErmesDart
  ✓ Checkout SHSP (shsp path override)
  ✓ Run dart-lang/setup-dart@v1
  ✓ Cache pub
  ✓ Resolve dependencies
  ✓ Compile peer A
  * Run peer A (initiator)
  * Upload peer A log
  * Post Cache pub
  * Post Checkout SHSP (shsp path override)
  * Post Checkout ErmesDart
Refreshing run status every 3 seconds. Press Ctrl+C to quit.

* nat-test NAT Test (two real NATs in CI) · 27154951917
Triggered via push about 4 minutes ago

JOBS
* peer-b (responder) (ID 80155305784)
  ✓ Set up job
  ✓ Checkout ErmesDart
  ✓ Checkout SHSP (shsp path override)
  ✓ Run dart-lang/setup-dart@v1
  ✓ Cache pub
  ✓ Resolve dependencies
  ✓ Compile peer B
  * Run peer B (responder)
  * Upload peer B log
  * Post Cache pub
  * Post Checkout SHSP (shsp path override)
  * Post Checkout ErmesDart
* peer-a (initiator) (ID 80155305799)
  ✓ Set up job
  ✓ Checkout ErmesDart
  ✓ Checkout SHSP (shsp path override)
  ✓ Run dart-lang/setup-dart@v1
  ✓ Cache pub
  ✓ Resolve dependencies
  ✓ Compile peer A
  * Run peer A (initiator)
  * Upload peer A log
  * Post Cache pub
  * Post Checkout SHSP (shsp path override)
  * Post Checkout ErmesDart
Refreshing run status every 3 seconds. Press Ctrl+C to quit.

* nat-test NAT Test (two real NATs in CI) · 27154951917
Triggered via push about 4 minutes ago

JOBS
* peer-b (responder) (ID 80155305784)
  ✓ Set up job
  ✓ Checkout ErmesDart
  ✓ Checkout SHSP (shsp path override)
  ✓ Run dart-lang/setup-dart@v1
  ✓ Cache pub
  ✓ Resolve dependencies
  ✓ Compile peer B
  * Run peer B (responder)
  * Upload peer B log
  * Post Cache pub
  * Post Checkout SHSP (shsp path override)
  * Post Checkout ErmesDart
* peer-a (initiator) (ID 80155305799)
  ✓ Set up job
  ✓ Checkout ErmesDart
  ✓ Checkout SHSP (shsp path override)
  ✓ Run dart-lang/setup-dart@v1
  ✓ Cache pub
  ✓ Resolve dependencies
  ✓ Compile peer A
  * Run peer A (initiator)
  * Upload peer A log
  * Post Cache pub
  * Post Checkout SHSP (shsp path override)
  * Post Checkout ErmesDart
Refreshing run status every 3 seconds. Press Ctrl+C to quit.

* nat-test NAT Test (two real NATs in CI) · 27154951917
Triggered via push about 5 minutes ago

JOBS
* peer-b (responder) (ID 80155305784)
  ✓ Set up job
  ✓ Checkout ErmesDart
  ✓ Checkout SHSP (shsp path override)
  ✓ Run dart-lang/setup-dart@v1
  ✓ Cache pub
  ✓ Resolve dependencies
  ✓ Compile peer B
  * Run peer B (responder)
  * Upload peer B log
  * Post Cache pub
  * Post Checkout SHSP (shsp path override)
  * Post Checkout ErmesDart
* peer-a (initiator) (ID 80155305799)
  ✓ Set up job
  ✓ Checkout ErmesDart
  ✓ Checkout SHSP (shsp path override)
  ✓ Run dart-lang/setup-dart@v1
  ✓ Cache pub
  ✓ Resolve dependencies
  ✓ Compile peer A
  * Run peer A (initiator)
  * Upload peer A log
  * Post Cache pub
  * Post Checkout SHSP (shsp path override)
  * Post Checkout ErmesDart
Refreshing run status every 3 seconds. Press Ctrl+C to quit.

* nat-test NAT Test (two real NATs in CI) · 27154951917
Triggered via push about 5 minutes ago

JOBS
* peer-b (responder) (ID 80155305784)
  ✓ Set up job
  ✓ Checkout ErmesDart
  ✓ Checkout SHSP (shsp path override)
  ✓ Run dart-lang/setup-dart@v1
  ✓ Cache pub
  ✓ Resolve dependencies
  ✓ Compile peer B
  * Run peer B (responder)
  * Upload peer B log
  * Post Cache pub
  * Post Checkout SHSP (shsp path override)
  * Post Checkout ErmesDart
* peer-a (initiator) (ID 80155305799)
  ✓ Set up job
  ✓ Checkout ErmesDart
  ✓ Checkout SHSP (shsp path override)
  ✓ Run dart-lang/setup-dart@v1
  ✓ Cache pub
  ✓ Resolve dependencies
  ✓ Compile peer A
  * Run peer A (initiator)
  * Upload peer A log
  * Post Cache pub
  * Post Checkout SHSP (shsp path override)
  * Post Checkout ErmesDart
Refreshing run status every 3 seconds. Press Ctrl+C to quit.

* nat-test NAT Test (two real NATs in CI) · 27154951917
Triggered via push about 5 minutes ago

JOBS
* peer-b (responder) (ID 80155305784)
  ✓ Set up job
  ✓ Checkout ErmesDart
  ✓ Checkout SHSP (shsp path override)
  ✓ Run dart-lang/setup-dart@v1
  ✓ Cache pub
  ✓ Resolve dependencies
  ✓ Compile peer B
  * Run peer B (responder)
  * Upload peer B log
  * Post Cache pub
  * Post Checkout SHSP (shsp path override)
  * Post Checkout ErmesDart
* peer-a (initiator) (ID 80155305799)
  ✓ Set up job
  ✓ Checkout ErmesDart
  ✓ Checkout SHSP (shsp path override)
  ✓ Run dart-lang/setup-dart@v1
  ✓ Cache pub
  ✓ Resolve dependencies
  ✓ Compile peer A
  * Run peer A (initiator)
  * Upload peer A log
  * Post Cache pub
  * Post Checkout SHSP (shsp path override)
  * Post Checkout ErmesDart
Refreshing run status every 3 seconds. Press Ctrl+C to quit.

* nat-test NAT Test (two real NATs in CI) · 27154951917
Triggered via push about 5 minutes ago

JOBS
* peer-b (responder) (ID 80155305784)
  ✓ Set up job
  ✓ Checkout ErmesDart
  ✓ Checkout SHSP (shsp path override)
  ✓ Run dart-lang/setup-dart@v1
  ✓ Cache pub
  ✓ Resolve dependencies
  ✓ Compile peer B
  * Run peer B (responder)
  * Upload peer B log
  * Post Cache pub
  * Post Checkout SHSP (shsp path override)
  * Post Checkout ErmesDart
* peer-a (initiator) (ID 80155305799)
  ✓ Set up job
  ✓ Checkout ErmesDart
  ✓ Checkout SHSP (shsp path override)
  ✓ Run dart-lang/setup-dart@v1
  ✓ Cache pub
  ✓ Resolve dependencies
  ✓ Compile peer A
  * Run peer A (initiator)
  * Upload peer A log
  * Post Cache pub
  * Post Checkout SHSP (shsp path override)
  * Post Checkout ErmesDart
Refreshing run status every 3 seconds. Press Ctrl+C to quit.

* nat-test NAT Test (two real NATs in CI) · 27154951917
Triggered via push about 5 minutes ago

JOBS
* peer-b (responder) (ID 80155305784)
  ✓ Set up job
  ✓ Checkout ErmesDart
  ✓ Checkout SHSP (shsp path override)
  ✓ Run dart-lang/setup-dart@v1
  ✓ Cache pub
  ✓ Resolve dependencies
  ✓ Compile peer B
  * Run peer B (responder)
  * Upload peer B log
  * Post Cache pub
  * Post Checkout SHSP (shsp path override)
  * Post Checkout ErmesDart
* peer-a (initiator) (ID 80155305799)
  ✓ Set up job
  ✓ Checkout ErmesDart
  ✓ Checkout SHSP (shsp path override)
  ✓ Run dart-lang/setup-dart@v1
  ✓ Cache pub
  ✓ Resolve dependencies
  ✓ Compile peer A
  * Run peer A (initiator)
  * Upload peer A log
  * Post Cache pub
  * Post Checkout SHSP (shsp path override)
  * Post Checkout ErmesDart
Refreshing run status every 3 seconds. Press Ctrl+C to quit.

* nat-test NAT Test (two real NATs in CI) · 27154951917
Triggered via push about 5 minutes ago

JOBS
* peer-b (responder) (ID 80155305784)
  ✓ Set up job
  ✓ Checkout ErmesDart
  ✓ Checkout SHSP (shsp path override)
  ✓ Run dart-lang/setup-dart@v1
  ✓ Cache pub
  ✓ Resolve dependencies
  ✓ Compile peer B
  * Run peer B (responder)
  * Upload peer B log
  * Post Cache pub
  * Post Checkout SHSP (shsp path override)
  * Post Checkout ErmesDart
* peer-a (initiator) (ID 80155305799)
  ✓ Set up job
  ✓ Checkout ErmesDart
  ✓ Checkout SHSP (shsp path override)
  ✓ Run dart-lang/setup-dart@v1
  ✓ Cache pub
  ✓ Resolve dependencies
  ✓ Compile peer A
  * Run peer A (initiator)
  * Upload peer A log
  * Post Cache pub
  * Post Checkout SHSP (shsp path override)
  * Post Checkout ErmesDart
Refreshing run status every 3 seconds. Press Ctrl+C to quit.

* nat-test NAT Test (two real NATs in CI) · 27154951917
Triggered via push about 5 minutes ago

JOBS
* peer-b (responder) (ID 80155305784)
  ✓ Set up job
  ✓ Checkout ErmesDart
  ✓ Checkout SHSP (shsp path override)
  ✓ Run dart-lang/setup-dart@v1
  ✓ Cache pub
  ✓ Resolve dependencies
  ✓ Compile peer B
  * Run peer B (responder)
  * Upload peer B log
  * Post Cache pub
  * Post Checkout SHSP (shsp path override)
  * Post Checkout ErmesDart
* peer-a (initiator) (ID 80155305799)
  ✓ Set up job
  ✓ Checkout ErmesDart
  ✓ Checkout SHSP (shsp path override)
  ✓ Run dart-lang/setup-dart@v1
  ✓ Cache pub
  ✓ Resolve dependencies
  ✓ Compile peer A
  * Run peer A (initiator)
  * Upload peer A log
  * Post Cache pub
  * Post Checkout SHSP (shsp path override)
  * Post Checkout ErmesDart
Refreshing run status every 3 seconds. Press Ctrl+C to quit.

* nat-test NAT Test (two real NATs in CI) · 27154951917
Triggered via push about 5 minutes ago

JOBS
* peer-b (responder) (ID 80155305784)
  ✓ Set up job
  ✓ Checkout ErmesDart
  ✓ Checkout SHSP (shsp path override)
  ✓ Run dart-lang/setup-dart@v1
  ✓ Cache pub
  ✓ Resolve dependencies
  ✓ Compile peer B
  * Run peer B (responder)
  * Upload peer B log
  * Post Cache pub
  * Post Checkout SHSP (shsp path override)
  * Post Checkout ErmesDart
* peer-a (initiator) (ID 80155305799)
  ✓ Set up job
  ✓ Checkout ErmesDart
  ✓ Checkout SHSP (shsp path override)
  ✓ Run dart-lang/setup-dart@v1
  ✓ Cache pub
  ✓ Resolve dependencies
  ✓ Compile peer A
  * Run peer A (initiator)
  * Upload peer A log
  * Post Cache pub
  * Post Checkout SHSP (shsp path override)
  * Post Checkout ErmesDart
Refreshing run status every 3 seconds. Press Ctrl+C to quit.

* nat-test NAT Test (two real NATs in CI) · 27154951917
Triggered via push about 5 minutes ago

JOBS
* peer-b (responder) (ID 80155305784)
  ✓ Set up job
  ✓ Checkout ErmesDart
  ✓ Checkout SHSP (shsp path override)
  ✓ Run dart-lang/setup-dart@v1
  ✓ Cache pub
  ✓ Resolve dependencies
  ✓ Compile peer B
  * Run peer B (responder)
  * Upload peer B log
  * Post Cache pub
  * Post Checkout SHSP (shsp path override)
  * Post Checkout ErmesDart
* peer-a (initiator) (ID 80155305799)
  ✓ Set up job
  ✓ Checkout ErmesDart
  ✓ Checkout SHSP (shsp path override)
  ✓ Run dart-lang/setup-dart@v1
  ✓ Cache pub
  ✓ Resolve dependencies
  ✓ Compile peer A
  * Run peer A (initiator)
  * Upload peer A log
  * Post Cache pub
  * Post Checkout SHSP (shsp path override)
  * Post Checkout ErmesDart
Refreshing run status every 3 seconds. Press Ctrl+C to quit.

* nat-test NAT Test (two real NATs in CI) · 27154951917
Triggered via push about 5 minutes ago

JOBS
* peer-b (responder) (ID 80155305784)
  ✓ Set up job
  ✓ Checkout ErmesDart
  ✓ Checkout SHSP (shsp path override)
  ✓ Run dart-lang/setup-dart@v1
  ✓ Cache pub
  ✓ Resolve dependencies
  ✓ Compile peer B
  * Run peer B (responder)
  * Upload peer B log
  * Post Cache pub
  * Post Checkout SHSP (shsp path override)
  * Post Checkout ErmesDart
* peer-a (initiator) (ID 80155305799)
  ✓ Set up job
  ✓ Checkout ErmesDart
  ✓ Checkout SHSP (shsp path override)
  ✓ Run dart-lang/setup-dart@v1
  ✓ Cache pub
  ✓ Resolve dependencies
  ✓ Compile peer A
  * Run peer A (initiator)
  * Upload peer A log
  * Post Cache pub
  * Post Checkout SHSP (shsp path override)
  * Post Checkout ErmesDart
Refreshing run status every 3 seconds. Press Ctrl+C to quit.

* nat-test NAT Test (two real NATs in CI) · 27154951917
Triggered via push about 5 minutes ago

JOBS
* peer-b (responder) (ID 80155305784)
  ✓ Set up job
  ✓ Checkout ErmesDart
  ✓ Checkout SHSP (shsp path override)
  ✓ Run dart-lang/setup-dart@v1
  ✓ Cache pub
  ✓ Resolve dependencies
  ✓ Compile peer B
  * Run peer B (responder)
  * Upload peer B log
  * Post Cache pub
  * Post Checkout SHSP (shsp path override)
  * Post Checkout ErmesDart
* peer-a (initiator) (ID 80155305799)
  ✓ Set up job
  ✓ Checkout ErmesDart
  ✓ Checkout SHSP (shsp path override)
  ✓ Run dart-lang/setup-dart@v1
  ✓ Cache pub
  ✓ Resolve dependencies
  ✓ Compile peer A
  * Run peer A (initiator)
  * Upload peer A log
  * Post Cache pub
  * Post Checkout SHSP (shsp path override)
  * Post Checkout ErmesDart
Refreshing run status every 3 seconds. Press Ctrl+C to quit.

* nat-test NAT Test (two real NATs in CI) · 27154951917
Triggered via push about 5 minutes ago

JOBS
* peer-b (responder) (ID 80155305784)
  ✓ Set up job
  ✓ Checkout ErmesDart
  ✓ Checkout SHSP (shsp path override)
  ✓ Run dart-lang/setup-dart@v1
  ✓ Cache pub
  ✓ Resolve dependencies
  ✓ Compile peer B
  * Run peer B (responder)
  * Upload peer B log
  * Post Cache pub
  * Post Checkout SHSP (shsp path override)
  * Post Checkout ErmesDart
* peer-a (initiator) (ID 80155305799)
  ✓ Set up job
  ✓ Checkout ErmesDart
  ✓ Checkout SHSP (shsp path override)
  ✓ Run dart-lang/setup-dart@v1
  ✓ Cache pub
  ✓ Resolve dependencies
  ✓ Compile peer A
  * Run peer A (initiator)
  * Upload peer A log
  * Post Cache pub
  * Post Checkout SHSP (shsp path override)
  * Post Checkout ErmesDart
Refreshing run status every 3 seconds. Press Ctrl+C to quit.

* nat-test NAT Test (two real NATs in CI) · 27154951917
Triggered via push about 5 minutes ago

JOBS
* peer-b (responder) (ID 80155305784)
  ✓ Set up job
  ✓ Checkout ErmesDart
  ✓ Checkout SHSP (shsp path override)
  ✓ Run dart-lang/setup-dart@v1
  ✓ Cache pub
  ✓ Resolve dependencies
  ✓ Compile peer B
  * Run peer B (responder)
  * Upload peer B log
  * Post Cache pub
  * Post Checkout SHSP (shsp path override)
  * Post Checkout ErmesDart
* peer-a (initiator) (ID 80155305799)
  ✓ Set up job
  ✓ Checkout ErmesDart
  ✓ Checkout SHSP (shsp path override)
  ✓ Run dart-lang/setup-dart@v1
  ✓ Cache pub
  ✓ Resolve dependencies
  ✓ Compile peer A
  * Run peer A (initiator)
  * Upload peer A log
  * Post Cache pub
  * Post Checkout SHSP (shsp path override)
  * Post Checkout ErmesDart
Refreshing run status every 3 seconds. Press Ctrl+C to quit.

* nat-test NAT Test (two real NATs in CI) · 27154951917
Triggered via push about 5 minutes ago

JOBS
* peer-b (responder) (ID 80155305784)
  ✓ Set up job
  ✓ Checkout ErmesDart
  ✓ Checkout SHSP (shsp path override)
  ✓ Run dart-lang/setup-dart@v1
  ✓ Cache pub
  ✓ Resolve dependencies
  ✓ Compile peer B
  * Run peer B (responder)
  * Upload peer B log
  * Post Cache pub
  * Post Checkout SHSP (shsp path override)
  * Post Checkout ErmesDart
* peer-a (initiator) (ID 80155305799)
  ✓ Set up job
  ✓ Checkout ErmesDart
  ✓ Checkout SHSP (shsp path override)
  ✓ Run dart-lang/setup-dart@v1
  ✓ Cache pub
  ✓ Resolve dependencies
  ✓ Compile peer A
  * Run peer A (initiator)
  * Upload peer A log
  * Post Cache pub
  * Post Checkout SHSP (shsp path override)
  * Post Checkout ErmesDart
Refreshing run status every 3 seconds. Press Ctrl+C to quit.

* nat-test NAT Test (two real NATs in CI) · 27154951917
Triggered via push about 6 minutes ago

JOBS
* peer-b (responder) (ID 80155305784)
  ✓ Set up job
  ✓ Checkout ErmesDart
  ✓ Checkout SHSP (shsp path override)
  ✓ Run dart-lang/setup-dart@v1
  ✓ Cache pub
  ✓ Resolve dependencies
  ✓ Compile peer B
  * Run peer B (responder)
  * Upload peer B log
  * Post Cache pub
  * Post Checkout SHSP (shsp path override)
  * Post Checkout ErmesDart
* peer-a (initiator) (ID 80155305799)
  ✓ Set up job
  ✓ Checkout ErmesDart
  ✓ Checkout SHSP (shsp path override)
  ✓ Run dart-lang/setup-dart@v1
  ✓ Cache pub
  ✓ Resolve dependencies
  ✓ Compile peer A
  * Run peer A (initiator)
  * Upload peer A log
  * Post Cache pub
  * Post Checkout SHSP (shsp path override)
  * Post Checkout ErmesDart
Refreshing run status every 3 seconds. Press Ctrl+C to quit.

* nat-test NAT Test (two real NATs in CI) · 27154951917
Triggered via push about 6 minutes ago

JOBS
* peer-b (responder) (ID 80155305784)
  ✓ Set up job
  ✓ Checkout ErmesDart
  ✓ Checkout SHSP (shsp path override)
  ✓ Run dart-lang/setup-dart@v1
  ✓ Cache pub
  ✓ Resolve dependencies
  ✓ Compile peer B
  * Run peer B (responder)
  * Upload peer B log
  * Post Cache pub
  * Post Checkout SHSP (shsp path override)
  * Post Checkout ErmesDart
* peer-a (initiator) (ID 80155305799)
  ✓ Set up job
  ✓ Checkout ErmesDart
  ✓ Checkout SHSP (shsp path override)
  ✓ Run dart-lang/setup-dart@v1
  ✓ Cache pub
  ✓ Resolve dependencies
  ✓ Compile peer A
  * Run peer A (initiator)
  * Upload peer A log
  * Post Cache pub
  * Post Checkout SHSP (shsp path override)
  * Post Checkout ErmesDart
Refreshing run status every 3 seconds. Press Ctrl+C to quit.

* nat-test NAT Test (two real NATs in CI) · 27154951917
Triggered via push about 6 minutes ago

JOBS
X peer-b (responder) in 6m7s (ID 80155305784)
  ✓ Set up job
  ✓ Checkout ErmesDart
  ✓ Checkout SHSP (shsp path override)
  ✓ Run dart-lang/setup-dart@v1
  ✓ Cache pub
  ✓ Resolve dependencies
  ✓ Compile peer B
  X Run peer B (responder)
  ✓ Upload peer B log
  - Post Cache pub
  ✓ Post Checkout SHSP (shsp path override)
  ✓ Post Checkout ErmesDart
  ✓ Complete job
* peer-a (initiator) (ID 80155305799)
  ✓ Set up job
  ✓ Checkout ErmesDart
  ✓ Checkout SHSP (shsp path override)
  ✓ Run dart-lang/setup-dart@v1
  ✓ Cache pub
  ✓ Resolve dependencies
  ✓ Compile peer A
  * Run peer A (initiator)
  * Upload peer A log
  * Post Cache pub
  * Post Checkout SHSP (shsp path override)
  * Post Checkout ErmesDart

ANNOTATIONS
! Node.js 20 actions are deprecated. The following actions are running on Node.js 20 and may not work as expected: actions/cache@v4, actions/checkout@v4, actions/upload-artifact@v4. Actions will be forced to run with Node.js 24 by default starting June 16th, 2026. Node.js 20 will be removed from the runner on September 16th, 2026. Please check if updated versions of these actions are available that support Node.js 24. To opt into Node.js 24 now, set the FORCE_JAVASCRIPT_ACTIONS_TO_NODE24=true environment variable on the runner or in your workflow file. Once Node.js 24 becomes the default, you can temporarily opt out by setting ACTIONS_ALLOW_USE_UNSECURE_NODE_VERSION=true. For more information see: https://github.blog/changelog/2025-09-19-deprecation-of-node-20-on-github-actions-runners/
peer-b (responder): .github#2

X Process completed with exit code 1.
peer-b (responder): .github#64

Refreshing run status every 3 seconds. Press Ctrl+C to quit.

* nat-test NAT Test (two real NATs in CI) · 27154951917
Triggered via push about 6 minutes ago

JOBS
X peer-b (responder) in 6m7s (ID 80155305784)
  ✓ Set up job
  ✓ Checkout ErmesDart
  ✓ Checkout SHSP (shsp path override)
  ✓ Run dart-lang/setup-dart@v1
  ✓ Cache pub
  ✓ Resolve dependencies
  ✓ Compile peer B
  X Run peer B (responder)
  ✓ Upload peer B log
  - Post Cache pub
  ✓ Post Checkout SHSP (shsp path override)
  ✓ Post Checkout ErmesDart
  ✓ Complete job
* peer-a (initiator) (ID 80155305799)
  ✓ Set up job
  ✓ Checkout ErmesDart
  ✓ Checkout SHSP (shsp path override)
  ✓ Run dart-lang/setup-dart@v1
  ✓ Cache pub
  ✓ Resolve dependencies
  ✓ Compile peer A
  * Run peer A (initiator)
  * Upload peer A log
  * Post Cache pub
  * Post Checkout SHSP (shsp path override)
  * Post Checkout ErmesDart

ANNOTATIONS
! Node.js 20 actions are deprecated. The following actions are running on Node.js 20 and may not work as expected: actions/cache@v4, actions/checkout@v4, actions/upload-artifact@v4. Actions will be forced to run with Node.js 24 by default starting June 16th, 2026. Node.js 20 will be removed from the runner on September 16th, 2026. Please check if updated versions of these actions are available that support Node.js 24. To opt into Node.js 24 now, set the FORCE_JAVASCRIPT_ACTIONS_TO_NODE24=true environment variable on the runner or in your workflow file. Once Node.js 24 becomes the default, you can temporarily opt out by setting ACTIONS_ALLOW_USE_UNSECURE_NODE_VERSION=true. For more information see: https://github.blog/changelog/2025-09-19-deprecation-of-node-20-on-github-actions-runners/
peer-b (responder): .github#2

X Process completed with exit code 1.
peer-b (responder): .github#64

Refreshing run status every 3 seconds. Press Ctrl+C to quit.

* nat-test NAT Test (two real NATs in CI) · 27154951917
Triggered via push about 6 minutes ago

JOBS
X peer-b (responder) in 6m7s (ID 80155305784)
  ✓ Set up job
  ✓ Checkout ErmesDart
  ✓ Checkout SHSP (shsp path override)
  ✓ Run dart-lang/setup-dart@v1
  ✓ Cache pub
  ✓ Resolve dependencies
  ✓ Compile peer B
  X Run peer B (responder)
  ✓ Upload peer B log
  - Post Cache pub
  ✓ Post Checkout SHSP (shsp path override)
  ✓ Post Checkout ErmesDart
  ✓ Complete job
* peer-a (initiator) (ID 80155305799)
  ✓ Set up job
  ✓ Checkout ErmesDart
  ✓ Checkout SHSP (shsp path override)
  ✓ Run dart-lang/setup-dart@v1
  ✓ Cache pub
  ✓ Resolve dependencies
  ✓ Compile peer A
  * Run peer A (initiator)
  * Upload peer A log
  * Post Cache pub
  * Post Checkout SHSP (shsp path override)
  * Post Checkout ErmesDart

ANNOTATIONS
! Node.js 20 actions are deprecated. The following actions are running on Node.js 20 and may not work as expected: actions/cache@v4, actions/checkout@v4, actions/upload-artifact@v4. Actions will be forced to run with Node.js 24 by default starting June 16th, 2026. Node.js 20 will be removed from the runner on September 16th, 2026. Please check if updated versions of these actions are available that support Node.js 24. To opt into Node.js 24 now, set the FORCE_JAVASCRIPT_ACTIONS_TO_NODE24=true environment variable on the runner or in your workflow file. Once Node.js 24 becomes the default, you can temporarily opt out by setting ACTIONS_ALLOW_USE_UNSECURE_NODE_VERSION=true. For more information see: https://github.blog/changelog/2025-09-19-deprecation-of-node-20-on-github-actions-runners/
peer-b (responder): .github#2

X Process completed with exit code 1.
peer-b (responder): .github#64

Refreshing run status every 3 seconds. Press Ctrl+C to quit.

* nat-test NAT Test (two real NATs in CI) · 27154951917
Triggered via push about 6 minutes ago

JOBS
X peer-b (responder) in 6m7s (ID 80155305784)
  ✓ Set up job
  ✓ Checkout ErmesDart
  ✓ Checkout SHSP (shsp path override)
  ✓ Run dart-lang/setup-dart@v1
  ✓ Cache pub
  ✓ Resolve dependencies
  ✓ Compile peer B
  X Run peer B (responder)
  ✓ Upload peer B log
  - Post Cache pub
  ✓ Post Checkout SHSP (shsp path override)
  ✓ Post Checkout ErmesDart
  ✓ Complete job
* peer-a (initiator) (ID 80155305799)
  ✓ Set up job
  ✓ Checkout ErmesDart
  ✓ Checkout SHSP (shsp path override)
  ✓ Run dart-lang/setup-dart@v1
  ✓ Cache pub
  ✓ Resolve dependencies
  ✓ Compile peer A
  X Run peer A (initiator)
  ✓ Upload peer A log
  - Post Cache pub
  * Post Checkout SHSP (shsp path override)
  * Post Checkout ErmesDart

ANNOTATIONS
! Node.js 20 actions are deprecated. The following actions are running on Node.js 20 and may not work as expected: actions/cache@v4, actions/checkout@v4, actions/upload-artifact@v4. Actions will be forced to run with Node.js 24 by default starting June 16th, 2026. Node.js 20 will be removed from the runner on September 16th, 2026. Please check if updated versions of these actions are available that support Node.js 24. To opt into Node.js 24 now, set the FORCE_JAVASCRIPT_ACTIONS_TO_NODE24=true environment variable on the runner or in your workflow file. Once Node.js 24 becomes the default, you can temporarily opt out by setting ACTIONS_ALLOW_USE_UNSECURE_NODE_VERSION=true. For more information see: https://github.blog/changelog/2025-09-19-deprecation-of-node-20-on-github-actions-runners/
peer-b (responder): .github#2

X Process completed with exit code 1.
peer-b (responder): .github#64

X nat-test NAT Test (two real NATs in CI) · 27154951917
Triggered via push about 6 minutes ago

JOBS
X peer-b (responder) in 6m7s (ID 80155305784)
  ✓ Set up job
  ✓ Checkout ErmesDart
  ✓ Checkout SHSP (shsp path override)
  ✓ Run dart-lang/setup-dart@v1
  ✓ Cache pub
  ✓ Resolve dependencies
  ✓ Compile peer B
  X Run peer B (responder)
  ✓ Upload peer B log
  - Post Cache pub
  ✓ Post Checkout SHSP (shsp path override)
  ✓ Post Checkout ErmesDart
  ✓ Complete job
X peer-a (initiator) in 6m21s (ID 80155305799)
  ✓ Set up job
  ✓ Checkout ErmesDart
  ✓ Checkout SHSP (shsp path override)
  ✓ Run dart-lang/setup-dart@v1
  ✓ Cache pub
  ✓ Resolve dependencies
  ✓ Compile peer A
  X Run peer A (initiator)
  ✓ Upload peer A log
  - Post Cache pub
  ✓ Post Checkout SHSP (shsp path override)
  ✓ Post Checkout ErmesDart
  ✓ Complete job

ANNOTATIONS
! Node.js 20 actions are deprecated. The following actions are running on Node.js 20 and may not work as expected: actions/cache@v4, actions/checkout@v4, actions/upload-artifact@v4. Actions will be forced to run with Node.js 24 by default starting June 16th, 2026. Node.js 20 will be removed from the runner on September 16th, 2026. Please check if updated versions of these actions are available that support Node.js 24. To opt into Node.js 24 now, set the FORCE_JAVASCRIPT_ACTIONS_TO_NODE24=true environment variable on the runner or in your workflow file. Once Node.js 24 becomes the default, you can temporarily opt out by setting ACTIONS_ALLOW_USE_UNSECURE_NODE_VERSION=true. For more information see: https://github.blog/changelog/2025-09-19-deprecation-of-node-20-on-github-actions-runners/
peer-b (responder): .github#2

X Process completed with exit code 1.
peer-b (responder): .github#64

! Node.js 20 actions are deprecated. The following actions are running on Node.js 20 and may not work as expected: actions/cache@v4, actions/checkout@v4, actions/upload-artifact@v4. Actions will be forced to run with Node.js 24 by default starting June 16th, 2026. Node.js 20 will be removed from the runner on September 16th, 2026. Please check if updated versions of these actions are available that support Node.js 24. To opt into Node.js 24 now, set the FORCE_JAVASCRIPT_ACTIONS_TO_NODE24=true environment variable on the runner or in your workflow file. Once Node.js 24 becomes the default, you can temporarily opt out by setting ACTIONS_ALLOW_USE_UNSECURE_NODE_VERSION=true. For more information see: https://github.blog/changelog/2025-09-19-deprecation-of-node-20-on-github-actions-runners/
peer-a (initiator): .github#2

X Process completed with exit code 1.
peer-a (initiator): .github#65

